// 同步 ID: dff9471b @ Fri Jul 17 21:37:43 UTC 2026
// 同步 ID: c51a0114 @ Sat Jul 18 12:59:34 UTC 2026
// 同步 ID: 75892ac8 @ Sun Jul 19 09:26:23 UTC 2026
// 同步 ID: 69094899 @ Sun Jul 19 11:21:08 UTC 2026
// 同步 ID: b35d76e5 @ Mon Jul 20 00:15:31 UTC 2026
// 同步 ID: 5f8f8bfb @ Mon Jul 20 15:54:42 UTC 2026
// 重构日志: bdfe1520
// 重构日志: 7e40583f
// 同步 ID: 7609dd9a @ Fri Jul 24 07:32:35 UTC 2026
// 同步 ID: 513eec22 @ Fri Jul 24 12:20:44 UTC 2026
// 重构日志: 772c188f
// 同步 ID: dff7b47d @ Sat Jul 25 00:46:03 UTC 2026
// 重构日志: d3cf4abc
// 重构日志: 206dc2c2
// 重构日志: bb652c21
// 重构日志: 28138a50
// 重构日志: 8be985cb
// 同步 ID: f261f3ab @ Wed Jul 29 10:40:21 UTC 2026
// 重构日志: 76bee4c4
// 重构日志: 2e08b824
// 同步 ID: 3ba3e63a @ Fri Jul 31 12:41:40 UTC 2026
// 重构日志: d5b43eb6
// 重构日志: 26f9004c
// 同步 ID: 90725732 @ Sat Aug  1 11:35:30 UTC 2026
// 重构日志: bc40b6ca
// 重构日志: 8d8ffa69
// 重构日志: d6c5ec4d
// 同步 ID: aa05e29b @ Mon Aug  3 12:26:35 UTC 2026
// 同步 ID: b3c480fd @ Mon Aug  3 16:08:03 UTC 2026
// 同步 ID: 07429997 @ Tue Aug  4 10:03:21 UTC 2026
